[debug] [2026-08-05T15:27:11.354Z] ----------------------------------------------------------------------
[debug] [2026-08-05T15:27:11.355Z] Command:       /Users/quang.phu/.nvm/versions/node/v20.17.0/bin/node /Users/quang.phu/src/proj/plan-expense/node_modules/.bin/firebase emulators:exec --project demo-plan-expense --only firestore,storage vitest run tests/rules
[debug] [2026-08-05T15:27:11.355Z] CLI Version:   15.25.1
[debug] [2026-08-05T15:27:11.355Z] Platform:      darwin
[debug] [2026-08-05T15:27:11.355Z] Node Version:  v20.17.0
[debug] [2026-08-05T15:27:11.356Z] Detected Agent: codex_cli
[debug] [2026-08-05T15:27:11.356Z] Time:          Wed Aug 05 2026 22:27:11 GMT+0700 (Indochina Time)
[debug] [2026-08-05T15:27:11.356Z] ----------------------------------------------------------------------
[debug] 
[debug] [2026-08-05T15:27:11.361Z] >>> [apiv2][query] GET https://firebase-public.firebaseio.com/cli.json [none]
[debug] [2026-08-05T15:27:11.976Z] Error: EPERM: operation not permitted, open '/Users/quang.phu/.config/configstore/firebase-tools.json.1067105539'
    at Object.openSync (node:fs:573:18)
    at Function.writeFileSync [as sync] (/Users/quang.phu/src/proj/plan-expense/node_modules/write-file-atomic/index.js:205:13)
    at set all [as all] (/Users/quang.phu/src/proj/plan-expense/node_modules/configstore/index.js:61:20)
    at Configstore.set (/Users/quang.phu/src/proj/plan-expense/node_modules/configstore/index.js:91:12)
    at session (/Users/quang.phu/src/proj/plan-expense/node_modules/firebase-tools/lib/track.js:180:39)
    at emulatorSession (/Users/quang.phu/src/proj/plan-expense/node_modules/firebase-tools/lib/track.js:159:12)
    at trackEmulator (/Users/quang.phu/src/proj/plan-expense/node_modules/firebase-tools/lib/track.js:71:21)
    at Command.<anonymous> (/Users/quang.phu/src/proj/plan-expense/node_modules/firebase-tools/lib/command.js:98:48)
    at Command.listener [as _actionHandler] (/Users/quang.phu/src/proj/plan-expense/node_modules/commander/index.js:413:31)
    at Command._parseCommand (/Users/quang.phu/src/proj/plan-expense/node_modules/commander/index.js:914:14)
[error] 
[error] Error: An unexpected error has occurred.
[debug] [2026-08-05T15:27:11.976Z] Error: EPERM: operation not permitted, open '/Users/quang.phu/.config/configstore/firebase-tools.json.4148857414'
    at Object.openSync (node:fs:573:18)
    at Function.writeFileSync [as sync] (/Users/quang.phu/src/proj/plan-expense/node_modules/write-file-atomic/index.js:205:13)
    at set all [as all] (/Users/quang.phu/src/proj/plan-expense/node_modules/configstore/index.js:61:20)
    at Configstore.set (/Users/quang.phu/src/proj/plan-expense/node_modules/configstore/index.js:91:12)
    at session (/Users/quang.phu/src/proj/plan-expense/node_modules/firebase-tools/lib/track.js:180:39)
    at emulatorSession (/Users/quang.phu/src/proj/plan-expense/node_modules/firebase-tools/lib/track.js:159:12)
    at trackEmulator (/Users/quang.phu/src/proj/plan-expense/node_modules/firebase-tools/lib/track.js:71:21)
    at /Users/quang.phu/src/proj/plan-expense/node_modules/firebase-tools/lib/command.js:147:53
    at process.processTicksAndRejections (node:internal/process/task_queues:95:5)
[error] 
[error] Error: An unexpected error has occurred.
[debug] [2026-08-05T15:27:11.979Z] *** [apiv2] error from fetch(https://firebase-public.firebaseio.com/cli.json, {"headers":{},"method":"GET"}): Error: getaddrinfo ENOTFOUND firebase-public.firebaseio.com
[warn] ⚠  Unable to fetch the CLI MOTD and remote config. This is not a fatal error, but may indicate an issue with your network connection. 
[debug] [2026-08-05T15:27:11.980Z] Failed to fetch MOTD FirebaseError: Failed to make request to https://firebase-public.firebaseio.com/cli.json
[debug] [2026-08-05T15:27:12.235Z] Error: EPERM: operation not permitted, open '/Users/quang.phu/.config/configstore/firebase-tools.json.2371295279'
    at Object.openSync (node:fs:573:18)
    at Function.writeFileSync [as sync] (/Users/quang.phu/src/proj/plan-expense/node_modules/write-file-atomic/index.js:205:13)
    at set all [as all] (/Users/quang.phu/src/proj/plan-expense/node_modules/configstore/index.js:61:20)
    at Configstore.delete (/Users/quang.phu/src/proj/plan-expense/node_modules/configstore/index.js:101:12)
    at process.<anonymous> (/Users/quang.phu/src/proj/plan-expense/node_modules/firebase-tools/lib/bin/cli.js:95:45)
    at process.emit (node:events:531:35)
    at process.exit (node:internal/process/per_thread:185:15)
    at Timeout._onTimeout (/Users/quang.phu/src/proj/plan-expense/node_modules/firebase-tools/lib/errorOut.js:20:17)
    at listOnTimeout (node:internal/timers:581:17)
    at process.processTimers (node:internal/timers:519:7)
[debug] [2026-08-05T15:27:34.237Z] ----------------------------------------------------------------------
[debug] [2026-08-05T15:27:34.238Z] Command:       /Users/quang.phu/.nvm/versions/node/v20.17.0/bin/node /Users/quang.phu/src/proj/plan-expense/node_modules/.bin/firebase emulators:exec --project demo-plan-expense --only firestore,storage vitest run tests/rules
[debug] [2026-08-05T15:27:34.239Z] CLI Version:   15.25.1
[debug] [2026-08-05T15:27:34.239Z] Platform:      darwin
[debug] [2026-08-05T15:27:34.240Z] Node Version:  v20.17.0
[debug] [2026-08-05T15:27:34.240Z] Detected Agent: codex_cli
[debug] [2026-08-05T15:27:34.240Z] Time:          Wed Aug 05 2026 22:27:34 GMT+0700 (Indochina Time)
[debug] [2026-08-05T15:27:34.241Z] ----------------------------------------------------------------------
[debug] 
[debug] [2026-08-05T15:27:34.247Z] >>> [apiv2][query] GET https://firebase-public.firebaseio.com/cli.json [none]
[debug] [2026-08-05T15:27:34.721Z] *** [apiv2] error from fetch(https://firebase-public.firebaseio.com/cli.json, {"headers":{},"method":"GET"}): Error: getaddrinfo ENOTFOUND firebase-public.firebaseio.com
[warn] ⚠  Unable to fetch the CLI MOTD and remote config. This is not a fatal error, but may indicate an issue with your network connection. 
[debug] [2026-08-05T15:27:34.722Z] Failed to fetch MOTD FirebaseError: Failed to make request to https://firebase-public.firebaseio.com/cli.json
[debug] [2026-08-05T15:27:34.839Z] openjdk version "11.0.28" 2025-07-15

[debug] [2026-08-05T15:27:34.839Z] OpenJDK Runtime Environment Homebrew (build 11.0.28+0)
OpenJDK 64-Bit Server VM Homebrew (build 11.0.28+0, mixed mode)

[debug] [2026-08-05T15:27:34.842Z] Parsed Java major version: 11
[debug] [2026-08-05T15:27:34.844Z] Could not find VSCode notification endpoint: TypeError: fetch failed. If you are not running the Firebase SQL Connect VSCode extension, this is expected and not an issue.
[info] i  emulators: Shutting down emulators. {"metadata":{"emulator":{"name":"hub"},"message":"Shutting down emulators."}}
[debug] [2026-08-05T15:27:34.846Z] Could not find VSCode notification endpoint: TypeError: fetch failed. If you are not running the Firebase SQL Connect VSCode extension, this is expected and not an issue.
[error] 
[error] Error: firebase-tools no longer supports Java version before 21. Please install a JDK at version 21 or above to get a compatible runtime.
